[jsobola.atari8.info/8BIT/index.html]
[backblue.gif]
[fade.gif]
[index.html]
[jsobola.atari8.info/8BIT/left.html]
[jsobola.atari8.info/8BIT/start8bit.html]
[jsobola.atari8.info/8BIT/dolny.html]
[jsobola.atari8.info/8BIT/index.html]
[jsobola.atari8.info/8BIT/images/fadeside.gif]
[jsobola.atari8.info/8BIT/images/keys/start.gif]
[jsobola.atari8.info/8BIT/muzeum8bit.html]
[jsobola.atari8.info/8BIT/images/keys/muzeum.gif]
[jsobola.atari8.info/8BIT/serw8bit.html]
[jsobola.atari8.info/8BIT/images/keys/serwis.gif]
[jsobola.atari8.info/8BIT/schem8bit.html]
[jsobola.atari8.info/8BIT/images/keys/schematy.gif]
[jsobola.atari8.info/8BIT/images/jerbann.gif]
[jsobola.atari8.info/8BIT/left.html]
[jsobola.atari8.info/8BIT/images/fades4.gif]
[jsobola.atari8.info/8BIT/images/osiem.gif]
[jsobola.atari8.info/8BIT/images/jerbann1.gif]
[jsobola.atari8.info/8BIT/images/Apple II Hardware1.gif]
[jsobola.atari8.info/8BIT/start8bit.html]
[jsobola.atari8.info/8BIT/dolny.html]
[jsobola.atari8.info/8BIT/images/800xl_1.jpg]
[jsobola.atari8.info/8BIT/omnie.html]
[jsobola.atari8.info/8BIT/black]
[jsobola.atari8.info/8BIT/acorn.html]
[jsobola.atari8.info/8BIT/images/keys/acorn.gif]
[jsobola.atari8.info/8BIT/amstrad.html]
[jsobola.atari8.info/8BIT/images/keys/amstrad.gif]
[jsobola.atari8.info/8BIT/apple.html]
[jsobola.atari8.info/8BIT/images/keys/apple.gif]
[jsobola.atari8.info/8BIT/ataraki.html]
[jsobola.atari8.info/8BIT/images/keys/atari.gif]
[jsobola.atari8.info/8BIT/Casio.htm]
[jsobola.atari8.info/8BIT/images/keys/casio.gif]
[jsobola.atari8.info/8BIT/comodore.html]
[jsobola.atari8.info/8BIT/images/keys/commodore.gif]
[jsobola.atari8.info/8BIT/elan.html]
[jsobola.atari8.info/8BIT/images/keys/elan.gif]
[jsobola.atari8.info/8BIT/elwro.html]
[jsobola.atari8.info/8BIT/images/keys/elwro.gif]
[jsobola.atari8.info/8BIT/epson.html]
[jsobola.atari8.info/8BIT/images/keys/epson.gif]
[jsobola.atari8.info/8BIT/impol.html]
[jsobola.atari8.info/8BIT/images/keys/impol.gif]
[jsobola.atari8.info/8BIT/itt.html]
[jsobola.atari8.info/8BIT/images/keys/itt.gif]
[jsobola.atari8.info/8BIT/kaypro.html]
[jsobola.atari8.info/8BIT/images/keys/kaypro.gif]
[jsobola.atari8.info/8BIT/mbee.html]
[jsobola.atari8.info/8BIT/images/keys/microbee.gif]
[jsobola.atari8.info/8BIT/osborne.html]
[jsobola.atari8.info/8BIT/images/keys/osborne.gif]
[jsobola.atari8.info/8BIT/philips.html]
[jsobola.atari8.info/8BIT/images/keys/philips.gif]
[jsobola.atari8.info/8BIT/rshack.html]
[jsobola.atari8.info/8BIT/images/keys/rshack.gif]
[jsobola.atari8.info/8BIT/sinclair.html]
[jsobola.atari8.info/8BIT/images/keys/sinclair.gif]
[jsobola.atari8.info/8BIT/timex.html]
[jsobola.atari8.info/8BIT/images/keys/timex.gif]
[jsobola.atari8.info/8BIT/vtech.html]
[jsobola.atari8.info/8BIT/muzeum8bit.html]
[jsobola.atari8.info/8BIT/images/keys/vtech.gif]
[jsobola.atari8.info/8BIT/images/serwis.gif]
[jsobola.atari8.info/8BIT/images/zlaczab.gif]
[jsobola.atari8.info/8BIT/images/obudb.gif]
[jsobola.atari8.info/8BIT/images/zasil1b.gif]
[jsobola.atari8.info/8BIT/images/zas520st.gif]
[jsobola.atari8.info/8BIT/images/psuplus3.gif]
[jsobola.atari8.info/8BIT/images/sluchawb.gif]
[jsobola.atari8.info/8BIT/images/vidoutb.gif]
[jsobola.atari8.info/8BIT/images/ti99rgb.gif]
[jsobola.atari8.info/8BIT/serw8bit.html]
[jsobola.atari8.info/8BIT/images/sch.jpg]
[jsobola.atari8.info/8BIT/cbmsch/1551.zip]
[jsobola.atari8.info/8BIT/cbmsch/256kc116.zip]
[jsobola.atari8.info/8BIT/cbmsch/action73.zip]
[jsobola.atari8.info/8BIT/cbmsch/ada1800.zip]
[jsobola.atari8.info/8BIT/cbmsch/blackbox.zip]
[jsobola.atari8.info/8BIT/cbmsch/c64test1.zip]
[jsobola.atari8.info/8BIT/cbmsch/c64test2.zip]
[jsobola.atari8.info/8BIT/cbmsch/cbmepr.zip]
[jsobola.atari8.info/8BIT/cbmsch/eprburn.zip]
[jsobola.atari8.info/8BIT/cbmsch/g2000k.zip]
[jsobola.atari8.info/8BIT/cbmsch/magnet.zip]
[jsobola.atari8.info/8BIT/cbmsch/modempet.zip]
[jsobola.atari8.info/8BIT/cbmsch/petsound.zip]
[jsobola.atari8.info/8BIT/cbmsch/speedy.zip]
[jsobola.atari8.info/8BIT/cbmsch/VIC20CVC.zip]
[jsobola.atari8.info/8BIT/cbmsch/x.zip]
[jsobola.atari8.info/8BIT/cbmsch/z80.zip]
[jsobola.atari8.info/8BIT/schem8bit.html]
[jsobola.atari8.info/8BIT/images/ciekawo1.jpg]
[jsobola.atari8.info/8BIT/omnie.html]
[jsobola.atari8.info/8BIT/black.html]
[jsobola.atari8.info/8BIT/images/acrncp_2.jpg]
[jsobola.atari8.info/8BIT/acorn.html]
[jsobola.atari8.info/8BIT/images/cpc464.jpg]
[jsobola.atari8.info/8BIT/images/cpc664.jpg]
[jsobola.atari8.info/8BIT/images/cpc6128.jpg]
[jsobola.atari8.info/8BIT/amstrad.html]
[jsobola.atari8.info/8BIT/images/appleii1.jpg]
[jsobola.atari8.info/8BIT/images/appliic2.jpg]
[jsobola.atari8.info/8BIT/images/zeus1.jpg]
[jsobola.atari8.info/8BIT/images/tc80_2.jpg]
[jsobola.atari8.info/8BIT/apple.html]
[jsobola.atari8.info/8BIT/ataraki.html]
[jsobola.atari8.info/8BIT/Casio.html]
[jsobola.atari8.info/8BIT/images/pet_1.jpg]
[jsobola.atari8.info/8BIT/images/cbm40162.jpg]
[jsobola.atari8.info/8BIT/images/cbm40161.jpg]
[jsobola.atari8.info/8BIT/images/cbm80322.jpg]
[jsobola.atari8.info/8BIT/images/c610_2.jpg]
[jsobola.atari8.info/8BIT/images/c610_1.jpg]
[jsobola.atari8.info/8BIT/images/Vic20_1.jpg]
[jsobola.atari8.info/8BIT/images/c64old_1.jpg]
[jsobola.atari8.info/8BIT/images/c128.jpg]
[jsobola.atari8.info/8BIT/images/c128d.jpg]
[jsobola.atari8.info/8BIT/images/c16_1.jpg]
[jsobola.atari8.info/8BIT/images/c116.jpg]
[jsobola.atari8.info/8BIT/images/cplus4_1.jpg]
[jsobola.atari8.info/8BIT/images/c2000k.jpg]
[jsobola.atari8.info/8BIT/comodore.html]
[jsobola.atari8.info/8BIT/images/ent128k.jpg]
[jsobola.atari8.info/8BIT/elan.html]
[jsobola.atari8.info/8BIT/images/junior.jpg]
[jsobola.atari8.info/8BIT/elwro.html]
[jsobola.atari8.info/8BIT/images/hx20.jpg]
[jsobola.atari8.info/8BIT/epson.html]
[jsobola.atari8.info/8BIT/images/qx10.jpg]
[jsobola.atari8.info/8BIT/images/imz80_1.jpg]
[jsobola.atari8.info/8BIT/impol.html]
[jsobola.atari8.info/8BIT/images/itt30302.jpg]
[jsobola.atari8.info/8BIT/itt.html]
[jsobola.atari8.info/8BIT/images/kayproii.jpg]
[jsobola.atari8.info/8BIT/kaypro.html]
[jsobola.atari8.info/8BIT/images/kaypro2.jpg]
[jsobola.atari8.info/8BIT/images/mbee_2.jpg]
[jsobola.atari8.info/8BIT/mbee.html]
[jsobola.atari8.info/8BIT/images/osbext_1.jpg]
[jsobola.atari8.info/8BIT/osborne.html]
[jsobola.atari8.info/8BIT/images/phvg8020.jpg]
[jsobola.atari8.info/8BIT/philips.html]
[jsobola.atari8.info/8BIT/images/phvg8235.jpg]
[jsobola.atari8.info/8BIT/images/trs80_1.jpg]
[jsobola.atari8.info/8BIT/rshack.html]
[jsobola.atari8.info/8BIT/images/zx81_1.jpg]
[jsobola.atari8.info/8BIT/images/zxspec1.jpg]
[jsobola.atari8.info/8BIT/images/zxplus.jpg]
[jsobola.atari8.info/8BIT/images/zxplus21.jpg]
[jsobola.atari8.info/8BIT/images/zxplus3.jpg]
[jsobola.atari8.info/8BIT/sinclair.html]
[jsobola.atari8.info/8BIT/images/t2048_2.jpg]
[jsobola.atari8.info/8BIT/timex.html]
[jsobola.atari8.info/8BIT/images/las20011.jpg]
[jsobola.atari8.info/8BIT/vtech.html]
[jsobola.atari8.info/8BIT/cbmsch/ada1800.html]
[jsobola.atari8.info/8BIT/cbmsch/blackbox.html]
[jsobola.atari8.info/8BIT/cbmsch/VIC20CVC.html]
[jsobola.atari8.info/8BIT/cbmsch/x.html]
[jsobola.atari8.info/8BIT/cbmsch/z80.html]
[jsobola.atari8.info/8BIT/images/Vic20_1.html]
